// Jest Snapshot v1, https://goo.gl/fbAQLP

exports[`Should convert metadata permissions to HTML 1`] = `
"
<style>.bg-danger-soft {background-color:#f7d4d7}</style>

    <table class=\\"table table-striped\\" style=\\"margin-bottom:50px\\">
      <thead class=\\"thead-dark\\">
        <tr>
          <th class=\\"thead-dark\\" colspan=\\"3\\">
            <h3>table books</h3>
          </th>
        </tr>
        <tr>
          <th scope=\\"col\\">Field</th>
          <th class=\\"text-center\\" scope=\\"col\\">anonymous</th>
<th class=\\"text-center\\" scope=\\"col\\">user</th>
        </tr>
      </thead>
      <tbody>
        <tr>
            <td>id</td>
            <td class=\\"text-center bg-danger-soft\\" key=\\"anonymous\\"><span style=\\"cursor: pointer; color: auto; -webkit-text-stroke: 1px #666;\\" title=\\"\\">R</span></td>
<td class=\\"text-center \\" key=\\"user\\"><span style=\\"cursor: pointer; color: auto; -webkit-text-stroke: 1px #666;\\" title=\\"\\">C</span>
<span style=\\"cursor: pointer; color: auto; -webkit-text-stroke: 1px #666;\\" title=\\"\\">R</span>
<span style=\\"cursor: pointer; color: red; -webkit-text-stroke: 1px #666;\\" title=\\"user_id:_eq:X-Hasura-User-Id\\">U</span>
<span style=\\"cursor: pointer; color: red; -webkit-text-stroke: 1px #666;\\" title=\\"user_id:_eq:X-Hasura-User-Id\\">D</span></td>
          </tr>
<tr>
            <td>name</td>
            <td class=\\"text-center bg-danger-soft\\" key=\\"anonymous\\"><span style=\\"cursor: pointer; color: auto; -webkit-text-stroke: 1px #666;\\" title=\\"\\">R</span></td>
<td class=\\"text-center \\" key=\\"user\\"><span style=\\"cursor: pointer; color: auto; -webkit-text-stroke: 1px #666;\\" title=\\"\\">C</span>
<span style=\\"cursor: pointer; color: auto; -webkit-text-stroke: 1px #666;\\" title=\\"\\">R</span>
<span style=\\"cursor: pointer; color: red; -webkit-text-stroke: 1px #666;\\" title=\\"user_id:_eq:X-Hasura-User-Id\\">U</span>
<span style=\\"cursor: pointer; color: red; -webkit-text-stroke: 1px #666;\\" title=\\"user_id:_eq:X-Hasura-User-Id\\">D</span></td>
          </tr>
<tr>
            <td>user_id</td>
            <td class=\\"text-center bg-danger-soft\\" key=\\"anonymous\\"><span style=\\"cursor: pointer; color: auto; -webkit-text-stroke: 1px #666;\\" title=\\"\\">R</span></td>
<td class=\\"text-center \\" key=\\"user\\"><span style=\\"cursor: pointer; color: auto; -webkit-text-stroke: 1px #666;\\" title=\\"\\">C</span>
<span style=\\"cursor: pointer; color: auto; -webkit-text-stroke: 1px #666;\\" title=\\"\\">R</span>
<span style=\\"cursor: pointer; color: red; -webkit-text-stroke: 1px #666;\\" title=\\"user_id:_eq:X-Hasura-User-Id\\">U</span>
<span style=\\"cursor: pointer; color: red; -webkit-text-stroke: 1px #666;\\" title=\\"user_id:_eq:X-Hasura-User-Id\\">D</span></td>
          </tr>
      </tbody>
      <thead class=\\"thead-dark\\">
        <tr>
          <th scope=\\"col\\">Filters</th>
          <th class=\\"text-center\\" scope=\\"col\\">anonymous</th>
<th class=\\"text-center\\" scope=\\"col\\">user</th>
        </tr>
      </thead>
       <tbody>
       <tr><td>Update</td>
         <td class=\\"text-center \\" key=\\"anonymous\\"></td>
<td class=\\"text-center \\" key=\\"user\\">user_id:_eq:X-Hasura-User-Id</td>
         </tr>
<tr><td>Delete</td>
         <td class=\\"text-center \\" key=\\"anonymous\\"></td>
<td class=\\"text-center \\" key=\\"user\\">user_id:_eq:X-Hasura-User-Id</td>
         </tr>
      </tbody>
       <thead class=\\"thead-dark\\">
        <tr>
          <th scope=\\"col\\">Sets</th>
          <th class=\\"text-center\\" scope=\\"col\\">anonymous</th>
<th class=\\"text-center\\" scope=\\"col\\">user</th>
        </tr>
      </thead>
       <tbody>
       <tr><td>Create</td>
         <td class=\\"text-center \\" key=\\"anonymous\\"></td>
<td class=\\"text-center \\" key=\\"user\\">user_id=x-hasura-User-id</td>
         </tr>
      </tbody>
    </table>"
`;
